
> project-name@1.0.0 lint
> eslint .


C:\Projects\Shopsphere\frontend\src\components\NotificationBell.tsx
  56:6  warning  React Hook useEffect has a missing dependency: 'fetchNotifications'. Either include it or remove the dependency array  react-hooks/exhaustive-deps

C:\Projects\Shopsphere\frontend\src\components\catalog\CatalogFilters.tsx
   7:14  warning  Fast refresh only works when a file only exports components. Use a new file to share constants or functions between components  react-refresh/only-export-components
   8:17  warning  Fast refresh only works when a file only exports components. Use a new file to share constants or functions between components  react-refresh/only-export-components
  14:17  warning  Fast refresh only works when a file only exports components. Use a new file to share constants or functions between components  react-refresh/only-export-components
  20:17  warning  Fast refresh only works when a file only exports components. Use a new file to share constants or functions between components  react-refresh/only-export-components

C:\Projects\Shopsphere\frontend\src\pages\AdminRevenueDashboard.tsx
   37:6   warning  React Hook useEffect has a missing dependency: 'fetchRevenueData'. Either include it or remove the dependency array  react-hooks/exhaustive-deps
   58:27  warning  Unexpected any. Specify a different type                                                                             @typescript-eslint/no-explicit-any
   64:21  warning  Unexpected any. Specify a different type                                                                             @typescript-eslint/no-explicit-any
  130:46  warning  Unexpected any. Specify a different type                                                                             @typescript-eslint/no-explicit-any

C:\Projects\Shopsphere\frontend\src\pages\AdminSellerApproval.tsx
  34:6   warning  React Hook useEffect has a missing dependency: 'fetchUnverifiedSellers'. Either include it or remove the dependency array  react-hooks/exhaustive-deps
  50:21  warning  Unexpected any. Specify a different type                                                                                   @typescript-eslint/no-explicit-any
  73:21  warning  Unexpected any. Specify a different type                                                                                   @typescript-eslint/no-explicit-any
  99:21  warning  Unexpected any. Specify a different type                                                                                   @typescript-eslint/no-explicit-any

C:\Projects\Shopsphere\frontend\src\pages\AdminUserManagement.tsx
   57:6   warning  React Hook useEffect has missing dependencies: 'fetchStats' and 'fetchUsers'. Either include them or remove the dependency array  react-hooks/exhaustive-deps
  148:19  warning  Unexpected any. Specify a different type                                                                                          @typescript-eslint/no-explicit-any

C:\Projects\Shopsphere\frontend\src\pages\BuyProduct.tsx
   61:6   warning  React Hook useEffect has a missing dependency: 'handleFetch'. Either include it or remove the dependency array  react-hooks/exhaustive-deps
  112:21  warning  Unexpected any. Specify a different type                                                                        @typescript-eslint/no-explicit-any
  295:21  warning  Unexpected any. Specify a different type                                                                        @typescript-eslint/no-explicit-any

C:\Projects\Shopsphere\frontend\src\pages\Cart.tsx
  50:6   warning  React Hook useEffect has a missing dependency: 'loadCart'. Either include it or remove the dependency array  react-hooks/exhaustive-deps
  69:21  warning  Unexpected any. Specify a different type                                                                     @typescript-eslint/no-explicit-any

C:\Projects\Shopsphere\frontend\src\pages\CartCheckout.tsx
   69:6   warning  React Hook useEffect has a missing dependency: 'fetchCart'. Either include it or remove the dependency array  react-hooks/exhaustive-deps
  130:21  warning  Unexpected any. Specify a different type                                                                      @typescript-eslint/no-explicit-any

C:\Projects\Shopsphere\frontend\src\pages\Failure.tsx
  66:8  warning  React Hook useEffect has missing dependencies: 'checkOrderStatus' and 'token'. Either include them or remove the dependency array  react-hooks/exhaustive-deps

C:\Projects\Shopsphere\frontend\src\pages\ForgotPassword.tsx
  22:19  warning  Unexpected any. Specify a different type  @typescript-eslint/no-explicit-any

C:\Projects\Shopsphere\frontend\src\pages\MyOrders.tsx
  159:19   warning  Unexpected any. Specify a different type  @typescript-eslint/no-explicit-any
  190:19   warning  Unexpected any. Specify a different type  @typescript-eslint/no-explicit-any
  383:44   warning  Unexpected any. Specify a different type  @typescript-eslint/no-explicit-any
  385:56   warning  Unexpected any. Specify a different type  @typescript-eslint/no-explicit-any
  385:102  warning  Unexpected any. Specify a different type  @typescript-eslint/no-explicit-any
  385:146  warning  Unexpected any. Specify a different type  @typescript-eslint/no-explicit-any

C:\Projects\Shopsphere\frontend\src\pages\MyOrdersNew.tsx
  41:6  warning  React Hook useEffect has a missing dependency: 'fetchOrders'. Either include it or remove the dependency array  react-hooks/exhaustive-deps

C:\Projects\Shopsphere\frontend\src\pages\OrderDetails.tsx
   96:19  warning  Unexpected any. Specify a different type  @typescript-eslint/no-explicit-any
  115:19  warning  Unexpected any. Specify a different type  @typescript-eslint/no-explicit-any

C:\Projects\Shopsphere\frontend\src\pages\ProductDetailsAdmin.tsx
  43:6  warning  React Hook useEffect has a missing dependency: 'fetchProductDetails'. Either include it or remove the dependency array  react-hooks/exhaustive-deps

C:\Projects\Shopsphere\frontend\src\pages\ProductDetailsPage.tsx
   153:42  warning  Unexpected any. Specify a different type                                                                                          @typescript-eslint/no-explicit-any
   279:6   warning  React Hook useEffect has missing dependencies: 'fetchProduct' and 'navigate'. Either include them or remove the dependency array  react-hooks/exhaustive-deps
   299:6   warning  React Hook useEffect has a missing dependency: 'fetchUserDetails'. Either include it or remove the dependency array               react-hooks/exhaustive-deps
   311:6   warning  React Hook useEffect has a missing dependency: 'frameIndex'. Either include it or remove the dependency array                     react-hooks/exhaustive-deps
   417:21  warning  Unexpected any. Specify a different type                                                                                          @typescript-eslint/no-explicit-any
   465:21  warning  Unexpected any. Specify a different type                                                                                          @typescript-eslint/no-explicit-any
   527:21  warning  Unexpected any. Specify a different type                                                                                          @typescript-eslint/no-explicit-any
   677:35  warning  Unexpected any. Specify a different type                                                                                          @typescript-eslint/no-explicit-any
   684:21  warning  Unexpected any. Specify a different type                                                                                          @typescript-eslint/no-explicit-any
  1309:54  warning  Unexpected any. Specify a different type                                                                                          @typescript-eslint/no-explicit-any
  1483:43  warning  Unexpected any. Specify a different type                                                                                          @typescript-eslint/no-explicit-any

C:\Projects\Shopsphere\frontend\src\pages\Profile.tsx
   54:6   warning  React Hook useEffect has missing dependencies: 'fetchProfile', 'navigate', and 'token'. Either include them or remove the dependency array  react-hooks/exhaustive-deps
  149:19  warning  Unexpected any. Specify a different type                                                                                                    @typescript-eslint/no-explicit-any

C:\Projects\Shopsphere\frontend\src\pages\PromoManagement.tsx
   51:6   warning  React Hook useEffect has a missing dependency: 'fetchPromoCodes'. Either include it or remove the dependency array  react-hooks/exhaustive-deps
  119:21  warning  Unexpected any. Specify a different type                                                                            @typescript-eslint/no-explicit-any
  180:21  warning  Unexpected any. Specify a different type                                                                            @typescript-eslint/no-explicit-any

C:\Projects\Shopsphere\frontend\src\pages\ResetPassword.tsx
  29:19  warning  Unexpected any. Specify a different type  @typescript-eslint/no-explicit-any

C:\Projects\Shopsphere\frontend\src\pages\SellerProductDetails.tsx
   48:6   warning  React Hook useEffect has a missing dependency: 'fetchProductDetails'. Either include it or remove the dependency array  react-hooks/exhaustive-deps
  195:21  warning  Unexpected any. Specify a different type                                                                                @typescript-eslint/no-explicit-any
  502:88  warning  Unexpected any. Specify a different type                                                                                @typescript-eslint/no-explicit-any

C:\Projects\Shopsphere\frontend\src\pages\Success.tsx
  324:8  warning  React Hook useEffect has a missing dependency: 'updateOrder'. Either include it or remove the dependency array  react-hooks/exhaustive-deps

C:\Projects\Shopsphere\frontend\src\pages\TrackOrder.tsx
  88:19  warning  Unexpected any. Specify a different type                                                                     @typescript-eslint/no-explicit-any
  95:6   warning  React Hook useEffect has a missing dependency: 'navigate'. Either include it or remove the dependency array  react-hooks/exhaustive-deps

C:\Projects\Shopsphere\frontend\src\pages\UserBillHistory.tsx
  45:6   warning  React Hook useEffect has a missing dependency: 'fetchBills'. Either include it or remove the dependency array  react-hooks/exhaustive-deps
  59:21  warning  Unexpected any. Specify a different type                                                                       @typescript-eslint/no-explicit-any

✖ 59 problems (0 errors, 59 warnings)

