
> project-name@1.0.0 build
> vite build

vite v8.2.2 building client environment for production...
transforming...
Browserslist: browsers data (caniuse-lite) is 17 months old. Please run:
  npx update-browserslist-db@latest
  Why you should do it regularly: https://github.com/browserslist/update-db#readme
✓ 2391 modules transformed.
rendering chunks...
computing gzip size...
dist/index.html                                   1.14 kB │ gzip:   0.48 kB
dist/assets/account-B2jZLWX5.css                  1.69 kB │ gzip:   0.61 kB
dist/assets/StorefrontView-DE21hhCG.css           5.30 kB │ gzip:   1.55 kB
dist/assets/AuthFields-CL1Bb5vp.css               8.61 kB │ gzip:   2.30 kB
dist/assets/CompareBar-Bkq772eF.css              12.63 kB │ gzip:   2.98 kB
dist/assets/ui-redesign-demo-C50EJM1u.css        24.29 kB │ gzip:   5.38 kB
dist/assets/admin-CVyiYTOP.css                   25.77 kB │ gzip:   4.99 kB
dist/assets/index-BtiDlFk_.css                   43.77 kB │ gzip:   9.19 kB
dist/assets/minus-DgW4Seja.js                     0.11 kB │ gzip:   0.13 kB
dist/assets/check-Dxbv7WX3.js                     0.12 kB │ gzip:   0.14 kB
dist/assets/chevron-down-DB0kAtnE.js              0.12 kB │ gzip:   0.14 kB
dist/assets/chevron-left-In2k2Mh4.js              0.12 kB │ gzip:   0.14 kB
dist/assets/chevron-right-jgodd5GT.js             0.12 kB │ gzip:   0.14 kB
dist/assets/loader-2-t7RG-oVP.js                  0.13 kB │ gzip:   0.14 kB
dist/assets/plus-DRBtJSFR.js                      0.15 kB │ gzip:   0.15 kB
dist/assets/x-DSmcCVPb.js                         0.15 kB │ gzip:   0.15 kB
dist/assets/pen-BWyjK2BS.js                       0.15 kB │ gzip:   0.16 kB
dist/assets/arrow-left-CgTYRDT-.js                0.16 kB │ gzip:   0.16 kB
dist/assets/arrow-right-Bw0xq0dR.js               0.16 kB │ gzip:   0.16 kB
dist/assets/search-DQVJ37by.js                    0.17 kB │ gzip:   0.16 kB
dist/assets/clock-BdsBjiIa.js                     0.18 kB │ gzip:   0.17 kB
dist/assets/check-circle-BAiWZKxX.js              0.19 kB │ gzip:   0.18 kB
dist/assets/user-aF42s6MU.js                      0.19 kB │ gzip:   0.18 kB
dist/assets/eye-CbfoyPO2.js                       0.19 kB │ gzip:   0.17 kB
dist/assets/rotate-ccw-D3XrUFxG.js                0.19 kB │ gzip:   0.18 kB
dist/assets/map-pin-CGYh-P2J.js                   0.20 kB │ gzip:   0.19 kB
dist/assets/credit-card-hDUf7YQz.js               0.20 kB │ gzip:   0.18 kB
dist/assets/lock-DjHK-Xrd.js                      0.20 kB │ gzip:   0.19 kB
dist/assets/x-circle-DZ9B7Sxl.js                  0.20 kB │ gzip:   0.17 kB
dist/assets/star-NLFkrAHG.js                      0.21 kB │ gzip:   0.18 kB
dist/assets/mail-Vmh2PfFM.js                      0.21 kB │ gzip:   0.20 kB
dist/assets/bar-chart-3-C6czmlz6.js               0.23 kB │ gzip:   0.18 kB
dist/assets/admin-Cbt0VqHh.js                     0.25 kB │ gzip:   0.19 kB
dist/assets/upload-DEwMxVpy.js                    0.25 kB │ gzip:   0.21 kB
dist/assets/circle-user-L4eCOGNJ.js               0.25 kB │ gzip:   0.20 kB
dist/assets/download-Bd44JI3j.js                  0.26 kB │ gzip:   0.21 kB
dist/assets/alert-triangle-C6XXOL-q.js            0.26 kB │ gzip:   0.21 kB
dist/assets/image-BZsF1NxE.js                     0.26 kB │ gzip:   0.22 kB
dist/assets/shield-qDt5223L.js                    0.27 kB │ gzip:   0.22 kB
dist/assets/save-DvzqxjD-.js                      0.28 kB │ gzip:   0.21 kB
dist/assets/users-Ccni-SnL.js                     0.30 kB │ gzip:   0.22 kB
dist/assets/shield-check-ChLRoop0.js              0.31 kB │ gzip:   0.24 kB
dist/assets/refresh-cw-B4YNGwvn.js                0.32 kB │ gzip:   0.22 kB
dist/assets/tag-tVYlg9N2.js                       0.32 kB │ gzip:   0.25 kB
dist/assets/trash-2-Dm0aoWmW.js                   0.35 kB │ gzip:   0.24 kB
dist/assets/package-DbymTHJU.js                   0.35 kB │ gzip:   0.24 kB
dist/assets/clsx-DB0hHKMi.js                      0.36 kB │ gzip:   0.23 kB
dist/assets/phone-D1yfxmD3.js                     0.39 kB │ gzip:   0.25 kB
dist/assets/eye-off-QEt3iB7e.js                   0.39 kB │ gzip:   0.27 kB
dist/assets/truck-D1a4E8OO.js                     0.40 kB │ gzip:   0.26 kB
dist/assets/clipboard-list-sT6Kf_na.js            0.41 kB │ gzip:   0.26 kB
dist/assets/OrbitMark-CyV5bFqh.js                 0.42 kB │ gzip:   0.26 kB
dist/assets/shopping-bag-DzHZhvca.js              0.43 kB │ gzip:   0.27 kB
dist/assets/banknote-B_wEJfnX.js                  0.44 kB │ gzip:   0.27 kB
dist/assets/AdminContext-BhkGEFkg.js              0.55 kB │ gzip:   0.35 kB
dist/assets/loader-B9AGneAi.js                    0.56 kB │ gzip:   0.26 kB
dist/assets/store-Bb8Sx-st.js                     0.64 kB │ gzip:   0.30 kB
dist/assets/rolldown-runtime-hePW80VL.js          0.71 kB │ gzip:   0.42 kB
dist/assets/createLucideIcon-qztYmiv3.js          0.76 kB │ gzip:   0.50 kB
dist/assets/v4-DDdyfk2q.js                        0.77 kB │ gzip:   0.45 kB
dist/assets/PageHeader-BhAUMCUV.js                0.78 kB │ gzip:   0.42 kB
dist/assets/AdminAddSellerProduct-CFdnM2XE.js     0.92 kB │ gzip:   0.52 kB
dist/assets/storefrontCatalog-DJXvnzG1.js         1.05 kB │ gzip:   0.65 kB
dist/assets/adminSellers-BeIoR1px.js              1.20 kB │ gzip:   0.66 kB
dist/assets/StorefrontDemo-aLRBbss6.js            1.37 kB │ gzip:   0.63 kB
dist/assets/sellerData-CN-BN8ku.js                1.67 kB │ gzip:   0.83 kB
dist/assets/AdminAuth-CgS_mS6Z.js                 2.07 kB │ gzip:   1.02 kB
dist/assets/AdminUi-BGcJkq-Q.js                   2.26 kB │ gzip:   1.11 kB
dist/assets/AuthLanding-Dgtpj_qE.js               2.42 kB │ gzip:   1.08 kB
dist/assets/ForgotPassword-DH0guzpK.js            2.78 kB │ gzip:   1.22 kB
dist/assets/Home-BEUidRoE.js                      2.88 kB │ gzip:   1.46 kB
dist/assets/AccountDeletion-cCdaG0sE.js           2.89 kB │ gzip:   1.37 kB
dist/assets/CreateSeller-5Lu4YfKx.js              3.07 kB │ gzip:   1.26 kB
dist/assets/ui-redesign-demo-CZdBKAGD.js          3.36 kB │ gzip:   1.22 kB
dist/assets/AuthFields-DCXOsRt-.js                3.49 kB │ gzip:   1.33 kB
dist/assets/ResetPassword-CJ4ZV3dX.js             3.79 kB │ gzip:   1.36 kB
dist/assets/Failure-BjqmMdZ1.js                   4.20 kB │ gzip:   1.39 kB
dist/assets/AdminSellers-BMRlf-GM.js              4.20 kB │ gzip:   1.58 kB
dist/assets/SellerRevenueDashboard-DFCh99k_.js    5.17 kB │ gzip:   1.77 kB
dist/assets/UserAuth-iB-RmeW5.js                  5.38 kB │ gzip:   1.99 kB
dist/assets/AllProducts-BII1Rk67.js               5.50 kB │ gzip:   1.93 kB
dist/assets/NotificationBell-vNKQXN5B.js          5.98 kB │ gzip:   2.36 kB
dist/assets/ChatWidget-CrwK8Iyz.js                6.00 kB │ gzip:   2.29 kB
dist/assets/SellerLayout-Bes9klwq.js              6.10 kB │ gzip:   2.20 kB
dist/assets/MyOrdersNew-CpqkPz2j.js               6.98 kB │ gzip:   2.00 kB
dist/assets/Cart-1dUC3hwO.js                      7.08 kB │ gzip:   2.48 kB
dist/assets/AdminRevenueDashboard-Bpfi4L4F.js     7.11 kB │ gzip:   2.08 kB
dist/assets/AdminPanel-CMfwy7Nw.js                7.63 kB │ gzip:   2.24 kB
dist/assets/Success-CyeM4q-K.js                   7.81 kB │ gzip:   2.68 kB
dist/assets/UserDetails-Zo92TRTt.js               7.98 kB │ gzip:   2.21 kB
dist/assets/SellerProducts-BXkl8V6i.js            8.27 kB │ gzip:   2.85 kB
dist/assets/SellerPanel-DBq9V8tE.js               8.71 kB │ gzip:   2.50 kB
dist/assets/google-auth-DTUvTPJG.js               8.75 kB │ gzip:   3.42 kB
dist/assets/AdminSellerApproval-CYmv7i2Y.js       8.91 kB │ gzip:   2.43 kB
dist/assets/SellerOrders-nBDEfnPP.js              9.35 kB │ gzip:   3.24 kB
dist/assets/TrackOrder-3X5VnNNP.js                9.35 kB │ gzip:   2.83 kB
dist/assets/AdminLayout-IM6DFroK.js              10.14 kB │ gzip:   3.37 kB
dist/assets/ProductDetailsAdmin-VvM9Rnp6.js      10.39 kB │ gzip:   2.78 kB
dist/assets/AdminOrders-D3-AQO1g.js              10.64 kB │ gzip:   3.50 kB
dist/assets/NavBar-CgkIa6Mz.js                   11.00 kB │ gzip:   3.45 kB
dist/assets/PromoManagement-Dx9H-DKX.js          12.69 kB │ gzip:   3.03 kB
dist/assets/UiRedesignDemo-D3gh-4g-.js           13.98 kB │ gzip:   4.05 kB
dist/assets/CartCheckout-wIc-sJNF.js             14.27 kB │ gzip:   3.50 kB
dist/assets/UserBillHistory-nzpJ2_Uy.js          14.83 kB │ gzip:   3.53 kB
dist/assets/Profile-2jiDXIFE.js                  14.93 kB │ gzip:   3.39 kB
dist/assets/BuyProduct-CVx5jQfN.js               15.80 kB │ gzip:   4.53 kB
dist/assets/AdminUserManagement-BOOxF3vp.js      17.10 kB │ gzip:   4.14 kB
dist/assets/AdminSellerDetails-pHZsV3BK.js       17.79 kB │ gzip:   4.81 kB
dist/assets/AddProduct-CBfFxAGS.js               18.02 kB │ gzip:   4.72 kB
dist/assets/SellerProductDetails-BOwu75f7.js     18.30 kB │ gzip:   4.35 kB
dist/assets/CompareBar-DHkMpbi8.js               19.21 kB │ gzip:   5.92 kB
dist/assets/OrderDetails-DlFZNLxV.js             19.28 kB │ gzip:   4.10 kB
dist/assets/MyOrders-CGwJtIg2.js                 21.38 kB │ gzip:   5.40 kB
dist/assets/purify.es-ChwZkWde.js                26.81 kB │ gzip:  10.65 kB
dist/assets/StorefrontView-h-7_J8mg.js           34.14 kB │ gzip:   9.82 kB
dist/assets/ProductDetailsPage-zl61QI8o.js       40.67 kB │ gzip:  10.90 kB
dist/assets/index-BGmhvlMJ.js                   127.50 kB │ gzip:  41.91 kB
dist/assets/index.es-DaKkjh8J.js                151.43 kB │ gzip:  48.91 kB
dist/assets/react-core-CKpw34oo.js              172.88 kB │ gzip:  57.28 kB
dist/assets/LineChart-2Eudds-y.js               365.24 kB │ gzip: 105.33 kB
dist/assets/pdf-libs-6PrRFj1R.js                600.13 kB │ gzip: 176.68 kB

✓ built in 6.16s
[plugin builtin:vite-reporter] 
(!) Some chunks are larger than 500 kB after minification. Consider:
- Using dynamic import() to code-split the application
- Use build.rolldownOptions.output.codeSplitting to improve chunking: https://rolldown.rs/reference/OutputOptions.codeSplitting
- Adjust chunk size limit for this warning via build.chunkSizeWarningLimit.
[PLUGIN_TIMINGS] Your build spent 33% of 6.1s inside plugin hooks (2.0s).
Not measurable — 1 hook whose calls overlap, so elapsed time covers work other calls were doing. Profile with `node --cpu-prof`:
  - vite:css transform (7 calls)
See https://rolldown.rs/reference/InputOptions.checks#plugintimings for more details.

